#
# There is insufficient memory for the Java Runtime Environment to continue.
# Native memory allocation (malloc) failed to allocate 1048576 bytes. Error detail: AllocateHeap
# Possible reasons:
#   The system is out of physical RAM or swap space
#   This process is running with CompressedOops enabled, and the Java Heap may be blocking the growth of the native heap
# Possible solutions:
#   Reduce memory load on the system
#   Increase physical memory or swap space
#   Check if swap backing store is full
#   Decrease Java heap size (-Xmx/-Xms)
#   Decrease number of Java threads
#   Decrease Java thread stack sizes (-Xss)
#   Set larger code cache with -XX:ReservedCodeCacheSize=
#   JVM is running with Unscaled Compressed Oops mode in which the Java heap is
#     placed in the first 4GB address space. The Java Heap base address is the
#     maximum limit for the native heap growth. Please use -XX:HeapBaseMinAddress
#     to set the Java Heap base and to place the Java Heap above 4GB virtual address.
# This output file may be truncated or incomplete.
#
#  Out of Memory Error (allocation.cpp:44), pid=12908, tid=12572
#
# JRE version: OpenJDK Runtime Environment Temurin-21.0.12.1+1 (21.0.12.1+1) (build 21.0.12.1+1-LTS)
# Java VM: OpenJDK 64-Bit Server VM Temurin-21.0.12.1+1 (21.0.12.1+1-LTS, mixed mode, sharing, tiered, compressed oops, compressed class ptrs, parallel gc, windows-amd64)
# No core dump will be written. Minidumps are not enabled by default on client versions of Windows
#

---------------  S U M M A R Y ------------

Command Line: --add-modules=ALL-SYSTEM --add-opens=java.base/java.util=ALL-UNNAMED --add-opens=java.base/java.lang=ALL-UNNAMED --add-opens=java.base/sun.nio.fs=ALL-UNNAMED -Declipse.application=org.eclipse.jdt.ls.core.id1 -Dosgi.bundles.defaultStartLevel=4 -Declipse.product=org.eclipse.jdt.ls.core.product -Djava.import.generatesMetadataFilesAtProjectRoot=false -Dm2e.project.cache.size=50 -DDetectVMInstallationsJob.disabled=true -Dfile.encoding=utf8 -XX:+UseParallelGC -XX:GCTimeRatio=4 -XX:AdaptiveSizePolicyWeight=90 -Dsun.zip.disableMemoryMapping=true -Xmx2G -Xms100m -Xlog:disable -javaagent:c:\Users\matt1968\.vscode\extensions\redhat.java-1.56.0-win32-x64\lombok\lombok-1.18.39-4050.jar -XX:+HeapDumpOnOutOfMemoryError -XX:HeapDumpPath=c:\Users\matt1968\AppData\Roaming\Code\User\workspaceStorage\62c235920e77153663c516c91aaf0839\redhat.java -Daether.dependencyCollector.impl=bf c:\Users\matt1968\.vscode\extensions\redhat.java-1.56.0-win32-x64\server\plugins\org.eclipse.equinox.launcher_1.8.0.v20260804-1928.jar -configuration c:\Users\matt1968\AppData\Roaming\Code\User\globalStorage\redhat.java\1.56.0\config_win -data c:\Users\matt1968\AppData\Roaming\Code\User\workspaceStorage\62c235920e77153663c516c91aaf0839\redhat.java\jdt_ws --pipe=\\.\pipe\lsp-75d4be9a136869e4c9103476db334f44-sock

Host: Intel(R) Core(TM) i3-8100 CPU @ 3.60GHz, 4 cores, 15G,  Windows 11 , 64 bit Build 26100 (10.0.26100.9444)
Time: Tue Oct  6 21:12:21 2026 elapsed time: 872.928237 seconds (0d 0h 14m 32s)

---------------  T H R E A D  ---------------

Current thread (0x000001c9fd6e4e60):  JavaThread "Attach Listener" daemon [_thread_in_vm, id=12572, stack(0x00000039a2000000,0x00000039a2100000) (1024K)]

Stack: [0x00000039a2000000,0x00000039a2100000]
Native frames: (J=compiled Java code, j=interpreted, Vv=VM code, C=native code)
V  [jvm.dll+0x6d83e9]
V  [jvm.dll+0x8b5736]
V  [jvm.dll+0x8b7cee]
V  [jvm.dll+0x8b83d3]
V  [jvm.dll+0x284596]
V  [jvm.dll+0xc13c7]
V  [jvm.dll+0x6d8c99]
V  [jvm.dll+0x133616]
V  [jvm.dll+0x3f8aae]
V  [jvm.dll+0x8600cd]
V  [jvm.dll+0x6d6c1d]
C  [ucrtbase.dll+0x2cd30]
C  [KERNEL32.DLL+0x2cd87]
C  [ntdll.dll+0xacaec]


---------------  P R O C E S S  ---------------

Threads class SMR info:
_java_thread_list=0x000001c9d16874d0, length=41, elements={
0x000001c9e6cef780, 0x000001c9e6dad710, 0x000001c9fd6e0af0, 0x000001c9fd6e2ca0,
0x000001c9fd6e4e60, 0x000001c9fd6e7d60, 0x000001c9fd6e8a40, 0x000001c9fd6e9880,
0x000001c9fd75ba80, 0x000001c9fe4e3ed0, 0x000001c9fe5fc0d0, 0x000001c9fe919230,
0x000001c9feb8b260, 0x000001c9feca3e80, 0x000001c9feca48c0, 0x000001c9fe991290,
0x000001c9fef351b0, 0x000001c9c53ec4e0, 0x000001c9fee2a8b0, 0x000001c9fee2d010,
0x000001c9fee2bc60, 0x000001c9fee2c2f0, 0x000001c9fe7540f0, 0x000001c9fe754780,
0x000001c9fe751300, 0x000001c9fe754e10, 0x000001c9fe751990, 0x000001c9fe7533d0,
0x000001c9fe7561c0, 0x000001c9fe757c00, 0x000001c9fe758290, 0x000001c9c73130a0,
0x000001c9c54ea4c0, 0x000001c9c54eab50, 0x000001c9c54ebf00, 0x000001c9c730db50,
0x000001c9c7310940, 0x000001c9c54e9e30, 0x000001c9fe753a60, 0x000001c9fe758920,
0x000001c9fee29b90
}

Java Threads: ( => current thread )
  0x000001c9e6cef780 JavaThread "main"                              [_thread_blocked, id=8608, stack(0x00000039a1800000,0x00000039a1900000) (1024K)]
  0x000001c9e6dad710 JavaThread "Reference Handler"          daemon [_thread_blocked, id=17500, stack(0x00000039a1d00000,0x00000039a1e00000) (1024K)]
  0x000001c9fd6e0af0 JavaThread "Finalizer"                  daemon [_thread_blocked, id=17636, stack(0x00000039a1e00000,0x00000039a1f00000) (1024K)]
  0x000001c9fd6e2ca0 JavaThread "Signal Dispatcher"          daemon [_thread_blocked, id=15904, stack(0x00000039a1f00000,0x00000039a2000000) (1024K)]
=>0x000001c9fd6e4e60 JavaThread "Attach Listener"            daemon [_thread_in_vm, id=12572, stack(0x00000039a2000000,0x00000039a2100000) (1024K)]
  0x000001c9fd6e7d60 JavaThread "Service Thread"             daemon [_thread_blocked, id=9224, stack(0x00000039a2100000,0x00000039a2200000) (1024K)]
  0x000001c9fd6e8a40 JavaThread "Monitor Deflation Thread"   daemon [_thread_blocked, id=10252, stack(0x00000039a2200000,0x00000039a2300000) (1024K)]
  0x000001c9fd6e9880 JavaThread "C2 CompilerThread0"         daemon [_thread_blocked, id=1912, stack(0x00000039a2300000,0x00000039a2400000) (1024K)]
  0x000001c9fd75ba80 JavaThread "C1 CompilerThread0"         daemon [_thread_blocked, id=15296, stack(0x00000039a2400000,0x00000039a2500000) (1024K)]
  0x000001c9fe4e3ed0 JavaThread "Common-Cleaner"             daemon [_thread_blocked, id=21976, stack(0x00000039a2500000,0x00000039a2600000) (1024K)]
  0x000001c9fe5fc0d0 JavaThread "Notification Thread"        daemon [_thread_blocked, id=20284, stack(0x00000039a2600000,0x00000039a2700000) (1024K)]
  0x000001c9fe919230 JavaThread "Active Thread: Equinox Container: 6281c7ae-87ab-4455-ad01-45a0928526c5"        [_thread_blocked, id=3520, stack(0x00000039a2b00000,0x00000039a2c00000) (1024K)]
  0x000001c9feb8b260 JavaThread "Refresh Thread: Equinox Container: 6281c7ae-87ab-4455-ad01-45a0928526c5" daemon [_thread_blocked, id=20492, stack(0x00000039a2700000,0x00000039a2800000) (1024K)]
  0x000001c9feca3e80 JavaThread "Framework Event Dispatcher: Equinox Container: 6281c7ae-87ab-4455-ad01-45a0928526c5" daemon [_thread_blocked, id=15668, stack(0x00000039a2c00000,0x00000039a2d00000) (1024K)]
  0x000001c9feca48c0 JavaThread "Start Level: Equinox Container: 6281c7ae-87ab-4455-ad01-45a0928526c5" daemon [_thread_blocked, id=21808, stack(0x00000039a2d00000,0x00000039a2e00000) (1024K)]
  0x000001c9fe991290 JavaThread "Bundle File Closer"         daemon [_thread_blocked, id=10808, stack(0x00000039a2f00000,0x00000039a3000000) (1024K)]
  0x000001c9fef351b0 JavaThread "SCR Component Actor"        daemon [_thread_blocked, id=11892, stack(0x00000039a2e00000,0x00000039a2f00000) (1024K)]
  0x000001c9c53ec4e0 JavaThread "Worker-JM"                         [_thread_blocked, id=4504, stack(0x00000039a3100000,0x00000039a3200000) (1024K)]
  0x000001c9fee2a8b0 JavaThread "JNA Cleaner"                daemon [_thread_blocked, id=20976, stack(0x00000039a3200000,0x00000039a3300000) (1024K)]
  0x000001c9fee2d010 JavaThread "Java indexing"              daemon [_thread_blocked, id=22020, stack(0x00000039a3500000,0x00000039a3600000) (1024K)]
  0x000001c9fee2bc60 JavaThread "Thread-1"                   daemon [_thread_in_native, id=15108, stack(0x00000039a3a00000,0x00000039a3b00000) (1024K)]
  0x000001c9fee2c2f0 JavaThread "Thread-2"                   daemon [_thread_in_native, id=13436, stack(0x00000039a3b00000,0x00000039a3c00000) (1024K)]
  0x000001c9fe7540f0 JavaThread "Thread-3"                   daemon [_thread_in_native, id=17300, stack(0x00000039a3c00000,0x00000039a3d00000) (1024K)]
  0x000001c9fe754780 JavaThread "Thread-4"                   daemon [_thread_in_native, id=21252, stack(0x00000039a3d00000,0x00000039a3e00000) (1024K)]
  0x000001c9fe751300 JavaThread "Thread-5"                   daemon [_thread_in_native, id=11080, stack(0x00000039a3e00000,0x00000039a3f00000) (1024K)]
  0x000001c9fe754e10 JavaThread "pool-2-thread-1"                   [_thread_blocked, id=3232, stack(0x00000039a3f00000,0x00000039a4000000) (1024K)]
  0x000001c9fe751990 JavaThread "WorkspaceEventsHandler"            [_thread_blocked, id=21532, stack(0x00000039a4200000,0x00000039a4300000) (1024K)]
  0x000001c9fe7533d0 JavaThread "pool-1-thread-1"                   [_thread_blocked, id=16600, stack(0x00000039a4300000,0x00000039a4400000) (1024K)]
  0x000001c9fe7561c0 JavaThread "PatternSearchJob-worker-1"  daemon [_thread_blocked, id=13484, stack(0x00000039a4600000,0x00000039a4700000) (1024K)]
  0x000001c9fe757c00 JavaThread "PatternSearchJob-worker-2"  daemon [_thread_blocked, id=18348, stack(0x00000039a4700000,0x00000039a4800000) (1024K)]
  0x000001c9fe758290 JavaThread "PatternSearchJob-worker-3"  daemon [_thread_blocked, id=19380, stack(0x00000039a4800000,0x00000039a4900000) (1024K)]
  0x000001c9c73130a0 JavaThread "Cleaner-0"                  daemon [_thread_blocked, id=12876, stack(0x00000039a5200000,0x00000039a5300000) (1024K)]
  0x000001c9c54ea4c0 JavaThread "Compiler Source File Reader" daemon [_thread_blocked, id=17904, stack(0x00000039a1700000,0x00000039a1800000) (1024K)]
  0x000001c9c54eab50 JavaThread "Java Debug Server"          daemon [_thread_in_native, id=21576, stack(0x00000039a1900000,0x00000039a1a00000) (1024K)]
  0x000001c9c54ebf00 JavaThread "RxSchedulerPurge-1"         daemon [_thread_blocked, id=17160, stack(0x00000039a3800000,0x00000039a3900000) (1024K)]
  0x000001c9c730db50 JavaThread "RxCachedWorkerPoolEvictor-1" daemon [_thread_blocked, id=2588, stack(0x00000039a3900000,0x00000039a3a00000) (1024K)]
  0x000001c9c7310940 JavaThread "Worker-7"                          [_thread_blocked, id=10396, stack(0x00000039a3700000,0x00000039a3800000) (1024K)]
  0x000001c9c54e9e30 JavaThread "Worker-8"                          [_thread_blocked, id=20172, stack(0x00000039a3400000,0x00000039a3500000) (1024K)]
  0x000001c9fe753a60 JavaThread "pool-3-thread-5"                   [_thread_in_native, id=22380, stack(0x00000039a3600000,0x00000039a3700000) (1024K)]
  0x000001c9fe758920 JavaThread "RxNewThreadScheduler-9"     daemon [_thread_blocked, id=12708, stack(0x00000039a4000000,0x00000039a4100000) (1024K)]
  0x000001c9fee29b90 JavaThread "process reaper (pid 21952)" daemon [_thread_in_native, id=16124, stack(0x00000039a1370000,0x00000039a1390000) (128K)]
Total: 41

Other Threads:
  0x000001c9fd6df810 VMThread "VM Thread"                           [id=14836, stack(0x00000039a1c00000,0x00000039a1d00000) (1024K)]
  0x000001c9fd67ca00 WatcherThread "VM Periodic Task Thread"        [id=1872, stack(0x00000039a1b00000,0x00000039a1c00000) (1024K)]
  0x000001c9e6d0eb40 WorkerThread "GC Thread#0"                     [id=21984, stack(0x00000039a1a00000,0x00000039a1b00000) (1024K)]
  0x000001c9fea06460 WorkerThread "GC Thread#1"                     [id=3124, stack(0x00000039a2800000,0x00000039a2900000) (1024K)]
  0x000001c9fea05950 WorkerThread "GC Thread#2"                     [id=10348, stack(0x00000039a2900000,0x00000039a2a00000) (1024K)]
  0x000001c9fea07320 WorkerThread "GC Thread#3"                     [id=22004, stack(0x00000039a2a00000,0x00000039a2b00000) (1024K)]
Total: 6

Threads with active compile tasks:
Total: 0

VM state: not at safepoint (normal execution)

VM Mutex/Monitor currently owned by a thread: None

Heap address: 0x0000000080000000, size: 2048 MB, Compressed Oops mode: 32-bit

CDS archive(s) mapped at: [0x000001c980000000-0x000001c980ba0000-0x000001c980ba0000), size 12189696, SharedBaseAddress: 0x000001c980000000, ArchiveRelocationMode: 1.
Compressed class space mapped at: 0x000001c981000000-0x000001c9c1000000, reserved size: 1073741824
Narrow klass base: 0x000001c980000000, Narrow klass shift: 0, Narrow klass range: 0x100000000

GC Precious Log:
 CardTable entry size: 512
 CPUs: 4 total, 4 available
 Memory: 16211M
 Large Page Support: Disabled
 NUMA Support: Disabled
 Compressed Oops: Enabled (32-bit)
 Alignments: Space 512K, Generation 512K, Heap 2M
 Heap Min Capacity: 100M
 Heap Initial Capacity: 100M
 Heap Max Capacity: 2G
 Pre-touch: Disabled
 Parallel Workers: 4

Heap:
 PSYoungGen      total 12288K, used 3632K [0x00000000d5580000, 0x00000000d6480000, 0x0000000100000000)
  eden space 10240K, 30% used [0x00000000d5580000,0x00000000d588c0e0,0x00000000d5f80000)
  from space 2048K, 25% used [0x00000000d6080000,0x00000000d6100060,0x00000000d6280000)
  to   space 1024K, 0% used [0x00000000d6380000,0x00000000d6380000,0x00000000d6480000)
 ParOldGen       total 110080K, used 85741K [0x0000000080000000, 0x0000000086b80000, 0x00000000d5580000)
  object space 110080K, 77% used [0x0000000080000000,0x00000000853bb7c8,0x0000000086b80000)
 Metaspace       used 84732K, committed 86400K, reserved 1179648K
  class space    used 9005K, committed 9728K, reserved 1048576K

Card table byte_map: [0x000001c9e6690000,0x000001c9e6aa0000] _byte_map_base: 0x000001c9e6290000

Marking Bits: (ParMarkBitMap*) 0x00007ffad55a44a0
 Begin Bits: [0x000001c9f91a0000, 0x000001c9fb1a0000)
 End Bits:   [0x000001c9fb1a0000, 0x000001c9fd1a0000)

Polling page: 0x000001c9e4cc0000

Metaspace:

Usage:
  Non-class:     73.95 MB used.
      Class:      8.79 MB used.
       Both:     82.75 MB used.

Virtual space:
  Non-class space:      128.00 MB reserved,      74.88 MB ( 58%) committed,  2 nodes.
      Class space:        1.00 GB reserved,       9.50 MB ( <1%) committed,  1 nodes.
             Both:        1.12 GB reserved,      84.38 MB (  7%) committed. 

Chunk freelists:
   Non-Class:  5.12 MB
       Class:  6.39 MB
        Both:  11.51 MB

MaxMetaspaceSize: unlimited
CompressedClassSpaceSize: 1.00 GB
Initial GC threshold: 21.00 MB
Current GC threshold: 132.81 MB
CDS: on
 - commit_granule_bytes: 65536.
 - commit_granule_words: 8192.
 - virtual_space_node_default_size: 8388608.
 - enlarge_chunks_in_place: 1.
 - use_allocation_guard: 0.


Internal statistics:

num_allocs_failed_limit: 17.
num_arena_births: 1402.
num_arena_deaths: 14.
num_vsnodes_births: 3.
num_vsnodes_deaths: 0.
num_space_committed: 1350.
num_space_uncommitted: 0.
num_chunks_returned_to_freelist: 31.
num_chunks_taken_from_freelist: 5297.
num_chunk_merges: 19.
num_chunk_splits: 3272.
num_chunks_enlarged: 1913.
num_inconsistent_stats: 0.

CodeHeap 'non-profiled nmethods': size=120000Kb used=15629Kb max_used=15629Kb free=104370Kb
 bounds [0x000001c9f19c0000, 0x000001c9f2910000, 0x000001c9f8ef0000]
CodeHeap 'profiled nmethods': size=120000Kb used=37747Kb max_used=37747Kb free=82252Kb
 bounds [0x000001c9e9ef0000, 0x000001c9ec3d0000, 0x000001c9f1420000]
CodeHeap 'non-nmethods': size=5760Kb used=1519Kb max_used=1607Kb free=4240Kb
 bounds [0x000001c9f1420000, 0x000001c9f1690000, 0x000001c9f19c0000]
CodeCache: size=245760Kb, used=54895Kb, max_used=54983Kb, free=190862Kb
 total_blobs=15630, nmethods=14787, adapters=745, full_count=0
Compilation: enabled, stopped_count=0, restarted_count=0

Compilation events (20 events):
Event: 744.715 Thread 0x000001c9fd6e9880 nmethod 16265 0x000001c9f2901890 code [0x000001c9f2901a20, 0x000001c9f2901b58]
Event: 744.715 Thread 0x000001c9fd6e9880 16266       4       com.google.gson.internal.bind.TypeAdapters$16::read (6 bytes)
Event: 744.716 Thread 0x000001c9fd75ba80 nmethod 16264 0x000001c9ec3c3c90 code [0x000001c9ec3c4160, 0x000001c9ec3c6a40]
Event: 744.716 Thread 0x000001c9fd75ba80 16267       3       java.lang.StackFrameInfo::<init> (25 bytes)
Event: 744.717 Thread 0x000001c9fd75ba80 nmethod 16267 0x000001c9ec3c7b10 code [0x000001c9ec3c7ce0, 0x000001c9ec3c8010]
Event: 744.717 Thread 0x000001c9fd75ba80 16268       3       java.lang.invoke.MethodHandleImpl$1::newMemberName (8 bytes)
Event: 744.717 Thread 0x000001c9fd75ba80 nmethod 16268 0x000001c9ec3c8190 code [0x000001c9ec3c8340, 0x000001c9ec3c8570]
Event: 744.718 Thread 0x000001c9fd75ba80 16269       3       java.nio.file.Path::resolve (21 bytes)
Event: 744.718 Thread 0x000001c9fd75ba80 nmethod 16269 0x000001c9ec3c8690 code [0x000001c9ec3c8860, 0x000001c9ec3c8c70]
Event: 744.721 Thread 0x000001c9fd75ba80 16270       3       io.reactivex.internal.functions.ObjectHelper::requireNonNull (15 bytes)
Event: 744.721 Thread 0x000001c9fd75ba80 nmethod 16270 0x000001c9ec3c8d90 code [0x000001c9ec3c8f40, 0x000001c9ec3c9128]
Event: 744.724 Thread 0x000001c9fd75ba80 16271       3       com.google.gson.internal.bind.JsonElementTypeAdapter::write (256 bytes)
Event: 744.726 Thread 0x000001c9fd75ba80 nmethod 16271 0x000001c9ec3c9210 code [0x000001c9ec3c9780, 0x000001c9ec3cc848]
Event: 744.726 Thread 0x000001c9fd6e9880 nmethod 16266 0x000001c9f2901c10 code [0x000001c9f2901f20, 0x000001c9f2902928]
Event: 744.734 Thread 0x000001c9fd75ba80 16272       3       java.util.concurrent.atomic.AtomicLong::getAndIncrement (12 bytes)
Event: 744.734 Thread 0x000001c9fd75ba80 nmethod 16272 0x000001c9ec3cd410 code [0x000001c9ec3cd5a0, 0x000001c9ec3cd6c0]
Event: 744.891 Thread 0x000001c9fd75ba80 16273       3       java.lang.Long::toString (139 bytes)
Event: 744.891 Thread 0x000001c9fd75ba80 nmethod 16273 0x000001c9ec3cd790 code [0x000001c9ec3cd980, 0x000001c9ec3cdf48]
Event: 831.345 Thread 0x000001c9fd6e9880 16274       4       java.util.concurrent.TimeUnit::toNanos (45 bytes)
Event: 831.347 Thread 0x000001c9fd6e9880 nmethod 16274 0x000001c9f2903110 code [0x000001c9f29032a0, 0x000001c9f2903398]

GC Heap History (20 events):
Event: 645.841 GC heap before
{Heap before GC invocations=124 (full 4):
 PSYoungGen      total 10752K, used 10431K [0x00000000d5580000, 0x00000000d6480000, 0x0000000100000000)
  eden space 10240K, 99% used [0x00000000d5580000,0x00000000d5f7ffe8,0x00000000d5f80000)
  from space 512K, 37% used [0x00000000d5f80000,0x00000000d5fb0000,0x00000000d6000000)
  to   space 2048K, 0% used [0x00000000d6280000,0x00000000d6280000,0x00000000d6480000)
 ParOldGen       total 110080K, used 80200K [0x0000000080000000, 0x0000000086b80000, 0x00000000d5580000)
  object space 110080K, 72% used [0x0000000080000000,0x0000000084e520f8,0x0000000086b80000)
 Metaspace       used 84479K, committed 86144K, reserved 1179648K
  class space    used 9001K, committed 9728K, reserved 1048576K
}
Event: 645.842 GC heap after
{Heap after GC invocations=124 (full 4):
 PSYoungGen      total 10752K, used 192K [0x00000000d5580000, 0x00000000d6300000, 0x0000000100000000)
  eden space 10240K, 0% used [0x00000000d5580000,0x00000000d5580000,0x00000000d5f80000)
  from space 512K, 37% used [0x00000000d6280000,0x00000000d62b0000,0x00000000d6300000)
  to   space 512K, 0% used [0x00000000d5f80000,0x00000000d5f80000,0x00000000d6000000)
 ParOldGen       total 110080K, used 80285K [0x0000000080000000, 0x0000000086b80000, 0x00000000d5580000)
  object space 110080K, 72% used [0x0000000080000000,0x0000000084e675d0,0x0000000086b80000)
 Metaspace       used 84479K, committed 86144K, reserved 1179648K
  class space    used 9001K, committed 9728K, reserved 1048576K
}
Event: 646.241 GC heap before
{Heap before GC invocations=125 (full 4):
 PSYoungGen      total 10752K, used 10432K [0x00000000d5580000, 0x00000000d6300000, 0x0000000100000000)
  eden space 10240K, 100% used [0x00000000d5580000,0x00000000d5f80000,0x00000000d5f80000)
  from space 512K, 37% used [0x00000000d6280000,0x00000000d62b0000,0x00000000d6300000)
  to   space 512K, 0% used [0x00000000d5f80000,0x00000000d5f80000,0x00000000d6000000)
 ParOldGen       total 110080K, used 80285K [0x0000000080000000, 0x0000000086b80000, 0x00000000d5580000)
  object space 110080K, 72% used [0x0000000080000000,0x0000000084e675d0,0x0000000086b80000)
 Metaspace       used 84500K, committed 86208K, reserved 1179648K
  class space    used 9001K, committed 9728K, reserved 1048576K
}
Event: 646.242 GC heap after
{Heap after GC invocations=125 (full 4):
 PSYoungGen      total 10752K, used 512K [0x00000000d5580000, 0x00000000d6300000, 0x0000000100000000)
  eden space 10240K, 0% used [0x00000000d5580000,0x00000000d5580000,0x00000000d5f80000)
  from space 512K, 100% used [0x00000000d5f80000,0x00000000d6000000,0x00000000d6000000)
  to   space 1536K, 0% used [0x00000000d6180000,0x00000000d6180000,0x00000000d6300000)
 ParOldGen       total 110080K, used 80893K [0x0000000080000000, 0x0000000086b80000, 0x00000000d5580000)
  object space 110080K, 73% used [0x0000000080000000,0x0000000084eff600,0x0000000086b80000)
 Metaspace       used 84500K, committed 86208K, reserved 1179648K
  class space    used 9001K, committed 9728K, reserved 1048576K
}
Event: 646.748 GC heap before
{Heap before GC invocations=126 (full 4):
 PSYoungGen      total 10752K, used 10752K [0x00000000d5580000, 0x00000000d6300000, 0x0000000100000000)
  eden space 10240K, 100% used [0x00000000d5580000,0x00000000d5f80000,0x00000000d5f80000)
  from space 512K, 100% used [0x00000000d5f80000,0x00000000d6000000,0x00000000d6000000)
  to   space 1536K, 0% used [0x00000000d6180000,0x00000000d6180000,0x00000000d6300000)
 ParOldGen       total 110080K, used 80893K [0x0000000080000000, 0x0000000086b80000, 0x00000000d5580000)
  object space 110080K, 73% used [0x0000000080000000,0x0000000084eff600,0x0000000086b80000)
 Metaspace       used 84522K, committed 86208K, reserved 1179648K
  class space    used 9002K, committed 9728K, reserved 1048576K
}
Event: 646.749 GC heap after
{Heap after GC invocations=126 (full 4):
 PSYoungGen      total 11776K, used 1216K [0x00000000d5580000, 0x00000000d6300000, 0x0000000100000000)
  eden space 10240K, 0% used [0x00000000d5580000,0x00000000d5580000,0x00000000d5f80000)
  from space 1536K, 79% used [0x00000000d6180000,0x00000000d62b0000,0x00000000d6300000)
  to   space 1536K, 0% used [0x00000000d6000000,0x00000000d6000000,0x00000000d6180000)
 ParOldGen       total 110080K, used 81404K [0x0000000080000000, 0x0000000086b80000, 0x00000000d5580000)
  object space 110080K, 73% used [0x0000000080000000,0x0000000084f7f2e0,0x0000000086b80000)
 Metaspace       used 84522K, committed 86208K, reserved 1179648K
  class space    used 9002K, committed 9728K, reserved 1048576K
}
Event: 646.934 GC heap before
{Heap before GC invocations=127 (full 4):
 PSYoungGen      total 11776K, used 11456K [0x00000000d5580000, 0x00000000d6300000, 0x0000000100000000)
  eden space 10240K, 100% used [0x00000000d5580000,0x00000000d5f80000,0x00000000d5f80000)
  from space 1536K, 79% used [0x00000000d6180000,0x00000000d62b0000,0x00000000d6300000)
  to   space 1536K, 0% used [0x00000000d6000000,0x00000000d6000000,0x00000000d6180000)
 ParOldGen       total 110080K, used 81404K [0x0000000080000000, 0x0000000086b80000, 0x00000000d5580000)
  object space 110080K, 73% used [0x0000000080000000,0x0000000084f7f2e0,0x0000000086b80000)
 Metaspace       used 84542K, committed 86208K, reserved 1179648K
  class space    used 9002K, committed 9728K, reserved 1048576K
}
Event: 646.935 GC heap after
{Heap after GC invocations=127 (full 4):
 PSYoungGen      total 11264K, used 576K [0x00000000d5580000, 0x00000000d6200000, 0x0000000100000000)
  eden space 10240K, 0% used [0x00000000d5580000,0x00000000d5580000,0x00000000d5f80000)
  from space 1024K, 56% used [0x00000000d6000000,0x00000000d6090000,0x00000000d6100000)
  to   space 1024K, 0% used [0x00000000d6100000,0x00000000d6100000,0x00000000d6200000)
 ParOldGen       total 110080K, used 82507K [0x0000000080000000, 0x0000000086b80000, 0x00000000d5580000)
  object space 110080K, 74% used [0x0000000080000000,0x0000000085092e90,0x0000000086b80000)
 Metaspace       used 84542K, committed 86208K, reserved 1179648K
  class space    used 9002K, committed 9728K, reserved 1048576K
}
Event: 647.616 GC heap before
{Heap before GC invocations=128 (full 4):
 PSYoungGen      total 11264K, used 10816K [0x00000000d5580000, 0x00000000d6200000, 0x0000000100000000)
  eden space 10240K, 100% used [0x00000000d5580000,0x00000000d5f80000,0x00000000d5f80000)
  from space 1024K, 56% used [0x00000000d6000000,0x00000000d6090000,0x00000000d6100000)
  to   space 1024K, 0% used [0x00000000d6100000,0x00000000d6100000,0x00000000d6200000)
 ParOldGen       total 110080K, used 82507K [0x0000000080000000, 0x0000000086b80000, 0x00000000d5580000)
  object space 110080K, 74% used [0x0000000080000000,0x0000000085092e90,0x0000000086b80000)
 Metaspace       used 84587K, committed 86272K, reserved 1179648K
  class space    used 9002K, committed 9728K, reserved 1048576K
}
Event: 647.617 GC heap after
{Heap after GC invocations=128 (full 4):
 PSYoungGen      total 11264K, used 1024K [0x00000000d5580000, 0x00000000d6280000, 0x0000000100000000)
  eden space 10240K, 0% used [0x00000000d5580000,0x00000000d5580000,0x00000000d5f80000)
  from space 1024K, 100% used [0x00000000d6100000,0x00000000d6200000,0x00000000d6200000)
  to   space 1536K, 0% used [0x00000000d5f80000,0x00000000d5f80000,0x00000000d6100000)
 ParOldGen       total 110080K, used 82531K [0x0000000080000000, 0x0000000086b80000, 0x00000000d5580000)
  object space 110080K, 74% used [0x0000000080000000,0x0000000085098e90,0x0000000086b80000)
 Metaspace       used 84587K, committed 86272K, reserved 1179648K
  class space    used 9002K, committed 9728K, reserved 1048576K
}
Event: 648.240 GC heap before
{Heap before GC invocations=129 (full 4):
 PSYoungGen      total 11264K, used 11264K [0x00000000d5580000, 0x00000000d6280000, 0x0000000100000000)
  eden space 10240K, 100% used [0x00000000d5580000,0x00000000d5f80000,0x00000000d5f80000)
  from space 1024K, 100% used [0x00000000d6100000,0x00000000d6200000,0x00000000d6200000)
  to   space 1536K, 0% used [0x00000000d5f80000,0x00000000d5f80000,0x00000000d6100000)
 ParOldGen       total 110080K, used 82531K [0x0000000080000000, 0x0000000086b80000, 0x00000000d5580000)
  object space 110080K, 74% used [0x0000000080000000,0x0000000085098e90,0x0000000086b80000)
 Metaspace       used 84615K, committed 86272K, reserved 1179648K
  class space    used 9002K, committed 9728K, reserved 1048576K
}
Event: 648.243 GC heap after
{Heap after GC invocations=129 (full 4):
 PSYoungGen      total 11776K, used 1520K [0x00000000d5580000, 0x00000000d6380000, 0x0000000100000000)
  eden space 10240K, 0% used [0x00000000d5580000,0x00000000d5580000,0x00000000d5f80000)
  from space 1536K, 98% used [0x00000000d5f80000,0x00000000d60fc010,0x00000000d6100000)
  to   space 2048K, 0% used [0x00000000d6180000,0x00000000d6180000,0x00000000d6380000)
 ParOldGen       total 110080K, used 82595K [0x0000000080000000, 0x0000000086b80000, 0x00000000d5580000)
  object space 110080K, 75% used [0x0000000080000000,0x00000000850a8e90,0x0000000086b80000)
 Metaspace       used 84615K, committed 86272K, reserved 1179648K
  class space    used 9002K, committed 9728K, reserved 1048576K
}
Event: 648.733 GC heap before
{Heap before GC invocations=130 (full 4):
 PSYoungGen      total 11776K, used 11760K [0x00000000d5580000, 0x00000000d6380000, 0x0000000100000000)
  eden space 10240K, 100% used [0x00000000d5580000,0x00000000d5f80000,0x00000000d5f80000)
  from space 1536K, 98% used [0x00000000d5f80000,0x00000000d60fc010,0x00000000d6100000)
  to   space 2048K, 0% used [0x00000000d6180000,0x00000000d6180000,0x00000000d6380000)
 ParOldGen       total 110080K, used 82595K [0x0000000080000000, 0x0000000086b80000, 0x00000000d5580000)
  object space 110080K, 75% used [0x0000000080000000,0x00000000850a8e90,0x0000000086b80000)
 Metaspace       used 84629K, committed 86272K, reserved 1179648K
  class space    used 9002K, committed 9728K, reserved 1048576K
}
Event: 648.734 GC heap after
{Heap after GC invocations=130 (full 4):
 PSYoungGen      total 11776K, used 1360K [0x00000000d5580000, 0x00000000d6300000, 0x0000000100000000)
  eden space 10240K, 0% used [0x00000000d5580000,0x00000000d5580000,0x00000000d5f80000)
  from space 1536K, 88% used [0x00000000d6180000,0x00000000d62d4010,0x00000000d6300000)
  to   space 1536K, 0% used [0x00000000d5f80000,0x00000000d5f80000,0x00000000d6100000)
 ParOldGen       total 110080K, used 83041K [0x0000000080000000, 0x0000000086b80000, 0x00000000d5580000)
  object space 110080K, 75% used [0x0000000080000000,0x0000000085118778,0x0000000086b80000)
 Metaspace       used 84629K, committed 86272K, reserved 1179648K
  class space    used 9002K, committed 9728K, reserved 1048576K
}
Event: 649.903 GC heap before
{Heap before GC invocations=131 (full 4):
 PSYoungGen      total 11776K, used 11600K [0x00000000d5580000, 0x00000000d6300000, 0x0000000100000000)
  eden space 10240K, 100% used [0x00000000d5580000,0x00000000d5f80000,0x00000000d5f80000)
  from space 1536K, 88% used [0x00000000d6180000,0x00000000d62d4010,0x00000000d6300000)
  to   space 1536K, 0% used [0x00000000d5f80000,0x00000000d5f80000,0x00000000d6100000)
 ParOldGen       total 110080K, used 83041K [0x0000000080000000, 0x0000000086b80000, 0x00000000d5580000)
  object space 110080K, 75% used [0x0000000080000000,0x0000000085118778,0x0000000086b80000)
 Metaspace       used 84652K, committed 86336K, reserved 1179648K
  class space    used 9002K, committed 9728K, reserved 1048576K
}
Event: 649.906 GC heap after
{Heap after GC invocations=131 (full 4):
 PSYoungGen      total 11776K, used 1518K [0x00000000d5580000, 0x00000000d6880000, 0x0000000100000000)
  eden space 10240K, 0% used [0x00000000d5580000,0x00000000d5580000,0x00000000d5f80000)
  from space 1536K, 98% used [0x00000000d5f80000,0x00000000d60fbbe0,0x00000000d6100000)
  to   space 4608K, 0% used [0x00000000d6400000,0x00000000d6400000,0x00000000d6880000)
 ParOldGen       total 110080K, used 85622K [0x0000000080000000, 0x0000000086b80000, 0x00000000d5580000)
  object space 110080K, 77% used [0x0000000080000000,0x000000008539da98,0x0000000086b80000)
 Metaspace       used 84652K, committed 86336K, reserved 1179648K
  class space    used 9002K, committed 9728K, reserved 1048576K
}
Event: 649.983 GC heap before
{Heap before GC invocations=132 (full 4):
 PSYoungGen      total 11776K, used 11758K [0x00000000d5580000, 0x00000000d6880000, 0x0000000100000000)
  eden space 10240K, 100% used [0x00000000d5580000,0x00000000d5f80000,0x00000000d5f80000)
  from space 1536K, 98% used [0x00000000d5f80000,0x00000000d60fbbe0,0x00000000d6100000)
  to   space 4608K, 0% used [0x00000000d6400000,0x00000000d6400000,0x00000000d6880000)
 ParOldGen       total 110080K, used 85622K [0x0000000080000000, 0x0000000086b80000, 0x00000000d5580000)
  object space 110080K, 77% used [0x0000000080000000,0x000000008539da98,0x0000000086b80000)
 Metaspace       used 84657K, committed 86336K, reserved 1179648K
  class space    used 9002K, committed 9728K, reserved 1048576K
}
Event: 649.985 GC heap after
{Heap after GC invocations=132 (full 4):
 PSYoungGen      total 10752K, used 466K [0x00000000d5580000, 0x00000000d6480000, 0x0000000100000000)
  eden space 10240K, 0% used [0x00000000d5580000,0x00000000d5580000,0x00000000d5f80000)
  from space 512K, 91% used [0x00000000d6400000,0x00000000d6474b70,0x00000000d6480000)
  to   space 2048K, 0% used [0x00000000d6080000,0x00000000d6080000,0x00000000d6280000)
 ParOldGen       total 110080K, used 85662K [0x0000000080000000, 0x0000000086b80000, 0x00000000d5580000)
  object space 110080K, 77% used [0x0000000080000000,0x00000000853a7930,0x0000000086b80000)
 Metaspace       used 84657K, committed 86336K, reserved 1179648K
  class space    used 9002K, committed 9728K, reserved 1048576K
}
Event: 654.598 GC heap before
{Heap before GC invocations=133 (full 4):
 PSYoungGen      total 10752K, used 10706K [0x00000000d5580000, 0x00000000d6480000, 0x0000000100000000)
  eden space 10240K, 100% used [0x00000000d5580000,0x00000000d5f80000,0x00000000d5f80000)
  from space 512K, 91% used [0x00000000d6400000,0x00000000d6474b70,0x00000000d6480000)
  to   space 2048K, 0% used [0x00000000d6080000,0x00000000d6080000,0x00000000d6280000)
 ParOldGen       total 110080K, used 85662K [0x0000000080000000, 0x0000000086b80000, 0x00000000d5580000)
  object space 110080K, 77% used [0x0000000080000000,0x00000000853a7930,0x0000000086b80000)
 Metaspace       used 84686K, committed 86336K, reserved 1179648K
  class space    used 9004K, committed 9728K, reserved 1048576K
}
Event: 654.599 GC heap after
{Heap after GC invocations=133 (full 4):
 PSYoungGen      total 12288K, used 512K [0x00000000d5580000, 0x00000000d6480000, 0x0000000100000000)
  eden space 10240K, 0% used [0x00000000d5580000,0x00000000d5580000,0x00000000d5f80000)
  from space 2048K, 25% used [0x00000000d6080000,0x00000000d6100060,0x00000000d6280000)
  to   space 1024K, 0% used [0x00000000d6380000,0x00000000d6380000,0x00000000d6480000)
 ParOldGen       total 110080K, used 85741K [0x0000000080000000, 0x0000000086b80000, 0x00000000d5580000)
  object space 110080K, 77% used [0x0000000080000000,0x00000000853bb7c8,0x0000000086b80000)
 Metaspace       used 84686K, committed 86336K, reserved 1179648K
  class space    used 9004K, committed 9728K, reserved 1048576K
}

Dll operation events (20 events):
Event: 0.172 Attempting to load shared library C:\Users\matt1968\.vscode\extensions\redhat.java-1.56.0-win32-x64\jre\21.0.12.1-win32-x86_64\bin\instrument.dll
Event: 0.172 Loaded shared library C:\Users\matt1968\.vscode\extensions\redhat.java-1.56.0-win32-x64\jre\21.0.12.1-win32-x86_64\bin\instrument.dll
Event: 0.176 Attempting to load shared library C:\Users\matt1968\.vscode\extensions\redhat.java-1.56.0-win32-x64\jre\21.0.12.1-win32-x86_64\bin\net.dll
Event: 0.177 Loaded shared library C:\Users\matt1968\.vscode\extensions\redhat.java-1.56.0-win32-x64\jre\21.0.12.1-win32-x86_64\bin\net.dll
Event: 0.179 Attempting to load shared library C:\Users\matt1968\.vscode\extensions\redhat.java-1.56.0-win32-x64\jre\21.0.12.1-win32-x86_64\bin\nio.dll
Event: 0.179 Loaded shared library C:\Users\matt1968\.vscode\extensions\redhat.java-1.56.0-win32-x64\jre\21.0.12.1-win32-x86_64\bin\nio.dll
Event: 0.182 Attempting to load shared library C:\Users\matt1968\.vscode\extensions\redhat.java-1.56.0-win32-x64\jre\21.0.12.1-win32-x86_64\bin\zip.dll
Event: 0.182 Loaded shared library C:\Users\matt1968\.vscode\extensions\redhat.java-1.56.0-win32-x64\jre\21.0.12.1-win32-x86_64\bin\zip.dll
Event: 0.224 Attempting to load shared library C:\Users\matt1968\.vscode\extensions\redhat.java-1.56.0-win32-x64\jre\21.0.12.1-win32-x86_64\bin\jimage.dll
Event: 0.224 Loaded shared library C:\Users\matt1968\.vscode\extensions\redhat.java-1.56.0-win32-x64\jre\21.0.12.1-win32-x86_64\bin\jimage.dll
Event: 0.298 Attempting to load shared library c:\Users\matt1968\.vscode\extensions\redhat.java-1.56.0-win32-x64\jre\21.0.12.1-win32-x86_64\bin\verify.dll
Event: 0.299 Loaded shared library c:\Users\matt1968\.vscode\extensions\redhat.java-1.56.0-win32-x64\jre\21.0.12.1-win32-x86_64\bin\verify.dll
Event: 6.611 Attempting to load shared library C:\Users\matt1968\AppData\Roaming\Code\User\globalStorage\redhat.java\1.56.0\config_win\org.eclipse.equinox.launcher\org.eclipse.equinox.launcher.win32.win32.x86_64_1.3.100.v20260804-1928\eclipse_11924.dll
Event: 6.619 Loaded shared library C:\Users\matt1968\AppData\Roaming\Code\User\globalStorage\redhat.java\1.56.0\config_win\org.eclipse.equinox.launcher\org.eclipse.equinox.launcher.win32.win32.x86_64_1.3.100.v20260804-1928\eclipse_11924.dll
Event: 14.871 Attempting to load shared library C:\Users\matt1968\AppData\Local\Temp\jna-310935550\jna10662466025175678153.dll
Event: 14.923 Loaded shared library C:\Users\matt1968\AppData\Local\Temp\jna-310935550\jna10662466025175678153.dll
Event: 16.492 Attempting to load shared library C:\Users\matt1968\.vscode\extensions\redhat.java-1.56.0-win32-x64\jre\21.0.12.1-win32-x86_64\bin\sunmscapi.dll
Event: 16.496 Loaded shared library C:\Users\matt1968\.vscode\extensions\redhat.java-1.56.0-win32-x64\jre\21.0.12.1-win32-x86_64\bin\sunmscapi.dll
Event: 16.584 Attempting to load shared library C:\Users\matt1968\.vscode\extensions\redhat.java-1.56.0-win32-x64\jre\21.0.12.1-win32-x86_64\bin\extnet.dll
Event: 16.585 Loaded shared library C:\Users\matt1968\.vscode\extensions\redhat.java-1.56.0-win32-x64\jre\21.0.12.1-win32-x86_64\bin\extnet.dll

Deoptimization events (20 events):
Event: 690.888 Thread 0x000001c9c7310940 Uncommon trap: trap_request=0xffffffc6 fr.pc=0x000001c9f20384c0 relative=0x0000000000003e60
Event: 690.888 Thread 0x000001c9c7310940 Uncommon trap: reason=bimorphic_or_optimized_type_check action=maybe_recompile pc=0x000001c9f20384c0 method=java.util.Properties.load0(Ljava/util/Properties$LineReader;)V @ 241 c2
Event: 690.888 Thread 0x000001c9c7310940 DEOPT PACKING pc=0x000001c9f20384c0 sp=0x00000039a37fece0
Event: 690.888 Thread 0x000001c9c7310940 DEOPT UNPACKING pc=0x000001c9f1473aa2 sp=0x00000039a37fed40 mode 2
Event: 690.889 Thread 0x000001c9c7310940 Uncommon trap: trap_request=0xffffffde fr.pc=0x000001c9f252e674 relative=0x0000000000000614
Event: 690.889 Thread 0x000001c9c7310940 Uncommon trap: reason=class_check action=maybe_recompile pc=0x000001c9f252e674 method=java.io.InputStream.read([BII)I @ 15 c2
Event: 690.889 Thread 0x000001c9c7310940 DEOPT PACKING pc=0x000001c9f252e674 sp=0x00000039a37febf0
Event: 690.889 Thread 0x000001c9c7310940 DEOPT UNPACKING pc=0x000001c9f1473aa2 sp=0x00000039a37feba8 mode 2
Event: 730.667 Thread 0x000001c9fe7533d0 Uncommon trap: trap_request=0xffffffbe fr.pc=0x000001c9f28fc078 relative=0x0000000000000878
Event: 730.667 Thread 0x000001c9fe7533d0 Uncommon trap: reason=profile_predicate action=maybe_recompile pc=0x000001c9f28fc078 method=java.io.InputStream.read([BII)I @ 40 c2
Event: 730.667 Thread 0x000001c9fe7533d0 DEOPT PACKING pc=0x000001c9f28fc078 sp=0x00000039a43fe9e0
Event: 730.667 Thread 0x000001c9fe7533d0 DEOPT UNPACKING pc=0x000001c9f1473aa2 sp=0x00000039a43fe970 mode 2
Event: 730.843 Thread 0x000001c9fe7533d0 Uncommon trap: trap_request=0xffffffbe fr.pc=0x000001c9f28fc078 relative=0x0000000000000878
Event: 730.843 Thread 0x000001c9fe7533d0 Uncommon trap: reason=profile_predicate action=maybe_recompile pc=0x000001c9f28fc078 method=java.io.InputStream.read([BII)I @ 40 c2
Event: 730.843 Thread 0x000001c9fe7533d0 DEOPT PACKING pc=0x000001c9f28fc078 sp=0x00000039a43fe9e0
Event: 730.843 Thread 0x000001c9fe7533d0 DEOPT UNPACKING pc=0x000001c9f1473aa2 sp=0x00000039a43fe970 mode 2
Event: 733.318 Thread 0x000001c9fe7533d0 Uncommon trap: trap_request=0xffffffbe fr.pc=0x000001c9f28fc078 relative=0x0000000000000878
Event: 733.318 Thread 0x000001c9fe7533d0 Uncommon trap: reason=profile_predicate action=maybe_recompile pc=0x000001c9f28fc078 method=java.io.InputStream.read([BII)I @ 40 c2
Event: 733.318 Thread 0x000001c9fe7533d0 DEOPT PACKING pc=0x000001c9f28fc078 sp=0x00000039a43fe9e0
Event: 733.318 Thread 0x000001c9fe7533d0 DEOPT UNPACKING pc=0x000001c9f1473aa2 sp=0x00000039a43fe970 mode 2

Classes loaded (20 events):
Event: 413.481 Loading class java/util/TaskQueue
Event: 413.481 Loading class java/util/TaskQueue done
Event: 413.481 Loading class java/util/TimerThread
Event: 413.482 Loading class java/util/TimerThread done
Event: 413.482 Loading class java/util/Timer$ThreadReaper
Event: 413.482 Loading class java/util/Timer$ThreadReaper done
Event: 413.484 Loading class java/util/concurrent/CompletableFuture$UniWhenComplete
Event: 413.485 Loading class java/util/concurrent/CompletableFuture$UniWhenComplete done
Event: 413.485 Loading class java/util/concurrent/CompletableFuture$UniCompose
Event: 413.485 Loading class java/util/concurrent/CompletableFuture$UniCompose done
Event: 413.485 Loading class java/util/concurrent/CompletableFuture$UniRelay
Event: 413.485 Loading class java/util/concurrent/CompletableFuture$UniRelay done
Event: 414.357 Loading class java/util/concurrent/ScheduledThreadPoolExecutor$DelayedWorkQueue$Itr
Event: 414.357 Loading class java/util/concurrent/ScheduledThreadPoolExecutor$DelayedWorkQueue$Itr done
Event: 414.694 Loading class java/lang/ProcessHandleImpl$ExitCompletion
Event: 414.694 Loading class java/lang/ProcessHandleImpl$ExitCompletion done
Event: 414.694 Loading class java/lang/ProcessHandleImpl$1
Event: 414.694 Loading class java/lang/ProcessHandleImpl$1 done
Event: 414.695 Loading class java/util/concurrent/CompletableFuture$UniHandle
Event: 414.695 Loading class java/util/concurrent/CompletableFuture$UniHandle done

Classes unloaded (7 events):
Event: 15.355 Thread 0x000001c9fd6df810 Unloading class 0x000001c9811a4000 'java/lang/invoke/LambdaForm$MH+0x000001c9811a4000'
Event: 15.355 Thread 0x000001c9fd6df810 Unloading class 0x000001c9811a3c00 'java/lang/invoke/LambdaForm$MH+0x000001c9811a3c00'
Event: 15.355 Thread 0x000001c9fd6df810 Unloading class 0x000001c9811a3800 'java/lang/invoke/LambdaForm$MH+0x000001c9811a3800'
Event: 15.355 Thread 0x000001c9fd6df810 Unloading class 0x000001c9811a3400 'java/lang/invoke/LambdaForm$MH+0x000001c9811a3400'
Event: 15.355 Thread 0x000001c9fd6df810 Unloading class 0x000001c9811a3000 'java/lang/invoke/LambdaForm$BMH+0x000001c9811a3000'
Event: 15.355 Thread 0x000001c9fd6df810 Unloading class 0x000001c9811a2c00 'java/lang/invoke/LambdaForm$DMH+0x000001c9811a2c00'
Event: 15.355 Thread 0x000001c9fd6df810 Unloading class 0x000001c9811a1800 'java/lang/invoke/LambdaForm$DMH+0x000001c9811a1800'

Classes redefined (0 events):
No events

Internal exceptions (20 events):
Event: 654.514 Thread 0x000001c9c7310fd0 Exception <a 'sun/nio/fs/WindowsException'{0x00000000d5edca18}> (0x00000000d5edca18) 
thrown [s\src\hotspot\share\prims\jni.cpp, line 520]
Event: 654.514 Thread 0x000001c9c7310fd0 Exception <a 'sun/nio/fs/WindowsException'{0x00000000d5edd658}> (0x00000000d5edd658) 
thrown [s\src\hotspot\share\prims\jni.cpp, line 520]
Event: 654.514 Thread 0x000001c9c7310fd0 Exception <a 'sun/nio/fs/WindowsException'{0x00000000d5eddc88}> (0x00000000d5eddc88) 
thrown [s\src\hotspot\share\prims\jni.cpp, line 520]
Event: 654.595 Thread 0x000001c9fee2c980 Exception <a 'sun/nio/fs/WindowsException'{0x00000000d5f7e138}> (0x00000000d5f7e138) 
thrown [s\src\hotspot\share\prims\jni.cpp, line 520]
Event: 654.595 Thread 0x000001c9fee2c980 Exception <a 'sun/nio/fs/WindowsException'{0x00000000d5f7e7c0}> (0x00000000d5f7e7c0) 
thrown [s\src\hotspot\share\prims\jni.cpp, line 520]
Event: 654.608 Thread 0x000001c9fee2a220 Exception <a 'sun/nio/fs/WindowsException'{0x00000000d55892b8}> (0x00000000d55892b8) 
thrown [s\src\hotspot\share\prims\jni.cpp, line 520]
Event: 654.608 Thread 0x000001c9fee2a220 Exception <a 'sun/nio/fs/WindowsException'{0x00000000d5589920}> (0x00000000d5589920) 
thrown [s\src\hotspot\share\prims\jni.cpp, line 520]
Event: 730.847 Thread 0x000001c9c54e9e30 Exception <a 'sun/nio/fs/WindowsException'{0x00000000d56f2b38}> (0x00000000d56f2b38) 
thrown [s\src\hotspot\share\prims\jni.cpp, line 520]
Event: 744.660 Thread 0x000001c9c7311660 Exception <a 'sun/nio/fs/WindowsException'{0x00000000d5781938}> (0x00000000d5781938) 
thrown [s\src\hotspot\share\prims\jni.cpp, line 520]
Event: 744.660 Thread 0x000001c9c7311660 Exception <a 'sun/nio/fs/WindowsException'{0x00000000d5781f68}> (0x00000000d5781f68) 
thrown [s\src\hotspot\share\prims\jni.cpp, line 520]
Event: 744.660 Thread 0x000001c9c7311660 Exception <a 'sun/nio/fs/WindowsException'{0x00000000d5782bd0}> (0x00000000d5782bd0) 
thrown [s\src\hotspot\share\prims\jni.cpp, line 520]
Event: 744.660 Thread 0x000001c9c7311660 Exception <a 'sun/nio/fs/WindowsException'{0x00000000d57834b0}> (0x00000000d57834b0) 
thrown [s\src\hotspot\share\prims\jni.cpp, line 520]
Event: 744.661 Thread 0x000001c9c7311660 Exception <a 'sun/nio/fs/WindowsException'{0x00000000d5785810}> (0x00000000d5785810) 
thrown [s\src\hotspot\share\prims\jni.cpp, line 520]
Event: 744.661 Thread 0x000001c9c7311660 Exception <a 'sun/nio/fs/WindowsException'{0x00000000d5785e40}> (0x00000000d5785e40) 
thrown [s\src\hotspot\share\prims\jni.cpp, line 520]
Event: 744.661 Thread 0x000001c9c7311660 Exception <a 'sun/nio/fs/WindowsException'{0x00000000d5786a80}> (0x00000000d5786a80) 
thrown [s\src\hotspot\share\prims\jni.cpp, line 520]
Event: 744.661 Thread 0x000001c9c7311660 Exception <a 'sun/nio/fs/WindowsException'{0x00000000d57870b0}> (0x00000000d57870b0) 
thrown [s\src\hotspot\share\prims\jni.cpp, line 520]
Event: 744.718 Thread 0x000001c9fe758920 Exception <a 'sun/nio/fs/WindowsException'{0x00000000d58402d8}> (0x00000000d58402d8) 
thrown [s\src\hotspot\share\prims\jni.cpp, line 520]
Event: 744.718 Thread 0x000001c9fe758920 Exception <a 'sun/nio/fs/WindowsException'{0x00000000d5840960}> (0x00000000d5840960) 
thrown [s\src\hotspot\share\prims\jni.cpp, line 520]
Event: 744.737 Thread 0x000001c9fee2c980 Exception <a 'sun/nio/fs/WindowsException'{0x00000000d5849d70}> (0x00000000d5849d70) 
thrown [s\src\hotspot\share\prims\jni.cpp, line 520]
Event: 744.737 Thread 0x000001c9fee2c980 Exception <a 'sun/nio/fs/WindowsException'{0x00000000d584a3d8}> (0x00000000d584a3d8) 
thrown [s\src\hotspot\share\prims\jni.cpp, line 520]

ZGC Phase Switch (0 events):
No events

VM Operations (20 events):
Event: 661.333 Executing non-safepoint VM operation: RendezvousGCThreads
Event: 661.333 Executing non-safepoint VM operation: RendezvousGCThreads done
Event: 680.341 Executing safepoint VM operation: Cleanup
Event: 680.341 Executing safepoint VM operation: Cleanup done
Event: 691.346 Executing safepoint VM operation: Cleanup
Event: 691.346 Executing safepoint VM operation: Cleanup done
Event: 721.565 Executing non-safepoint VM operation: HandshakeAllThreads (HandshakeForDeflation)
Event: 721.565 Executing non-safepoint VM operation: HandshakeAllThreads (HandshakeForDeflation) done
Event: 721.565 Executing non-safepoint VM operation: RendezvousGCThreads
Event: 721.565 Executing non-safepoint VM operation: RendezvousGCThreads done
Event: 731.665 Executing safepoint VM operation: Cleanup
Event: 731.665 Executing safepoint VM operation: Cleanup done
Event: 733.675 Executing safepoint VM operation: Cleanup
Event: 733.675 Executing safepoint VM operation: Cleanup done
Event: 744.756 Executing safepoint VM operation: Cleanup
Event: 744.756 Executing safepoint VM operation: Cleanup done
Event: 781.747 Executing non-safepoint VM operation: HandshakeAllThreads (HandshakeForDeflation)
Event: 781.747 Executing non-safepoint VM operation: HandshakeAllThreads (HandshakeForDeflation) done
Event: 781.748 Executing non-safepoint VM operation: RendezvousGCThreads
Event: 781.748 Executing non-safepoint VM operation: RendezvousGCThreads done

Memory protections (0 events):
No events

Nmethod flushes (20 events):
Event: 391.043 Thread 0x000001c9fd6df810 flushing  nmethod 0x000001c9eac90b10
Event: 391.043 Thread 0x000001c9fd6df810 flushing  nmethod 0x000001c9eac93990
Event: 391.043 Thread 0x000001c9fd6df810 flushing  nmethod 0x000001c9eac95710
Event: 391.043 Thread 0x000001c9fd6df810 flushing  nmethod 0x000001c9eac96710
Event: 391.043 Thread 0x000001c9fd6df810 flushing  nmethod 0x000001c9eac97a90
Event: 391.043 Thread 0x000001c9fd6df810 flushing  nmethod 0x000001c9eac99290
Event: 391.043 Thread 0x000001c9fd6df810 flushing  nmethod 0x000001c9eaca2110
Event: 391.043 Thread 0x000001c9fd6df810 flushing  nmethod 0x000001c9eaca3590
Event: 391.043 Thread 0x000001c9fd6df810 flushing  nmethod 0x000001c9eaca8090
Event: 391.043 Thread 0x000001c9fd6df810 flushing  nmethod 0x000001c9eacdb210
Event: 391.043 Thread 0x000001c9fd6df810 flushing  nmethod 0x000001c9eacf6410
Event: 391.043 Thread 0x000001c9fd6df810 flushing  nmethod 0x000001c9ead3be90
Event: 391.043 Thread 0x000001c9fd6df810 flushing  nmethod 0x000001c9ead60810
Event: 391.043 Thread 0x000001c9fd6df810 flushing  nmethod 0x000001c9eadba810
Event: 391.043 Thread 0x000001c9fd6df810 flushing  nmethod 0x000001c9eadbb510
Event: 391.043 Thread 0x000001c9fd6df810 flushing  nmethod 0x000001c9eae41e90
Event: 391.043 Thread 0x000001c9fd6df810 flushing  nmethod 0x000001c9eae52010
Event: 391.043 Thread 0x000001c9fd6df810 flushing  nmethod 0x000001c9eae53990
Event: 391.043 Thread 0x000001c9fd6df810 flushing  nmethod 0x000001c9eae55f90
Event: 391.043 Thread 0x000001c9fd6df810 flushing  nmethod 0x000001c9eae56410

Events (20 events):
Event: 690.875 Thread 0x000001c9fe753a60 Thread exited: 0x000001c9fe753a60
Event: 690.875 Thread 0x000001c9fee2c980 Thread exited: 0x000001c9fee2c980
Event: 690.875 Thread 0x000001c9fee2a220 Thread exited: 0x000001c9fee2a220
Event: 690.877 Thread 0x000001c9c7310940 Thread added: 0x000001c9fe753a60
Event: 690.877 Thread 0x000001c9fe753a60 Thread exited: 0x000001c9fe753a60
Event: 710.012 Thread 0x000001c9c54eb1e0 Thread exited: 0x000001c9c54eb1e0
Event: 710.219 Thread 0x000001c9fee2af40 Thread exited: 0x000001c9fee2af40
Event: 730.681 Thread 0x000001c9c54e69b0 Thread exited: 0x000001c9c54e69b0
Event: 740.197 Thread 0x000001c9fee29b90 Thread exited: 0x000001c9fee29b90
Event: 740.215 Thread 0x000001c9c7310fd0 Thread exited: 0x000001c9c7310fd0
Event: 744.701 Thread 0x000001c9c54eab50 Thread added: 0x000001c9fe753a60
Event: 744.706 Thread 0x000001c9fe753a60 Thread added: 0x000001c9fe758920
Event: 744.721 Thread 0x000001c9fe758920 Thread added: 0x000001c9fee29b90
Event: 744.734 Thread 0x000001c9fe753a60 Thread added: 0x000001c9fee2c980
Event: 744.736 Thread 0x000001c9fee29b90 Thread exited: 0x000001c9fee29b90
Event: 744.890 Thread 0x000001c9fee2c980 Thread added: 0x000001c9fee29b90
Event: 744.891 Thread 0x000001c9fee2c980 Thread exited: 0x000001c9fee2c980
Event: 784.392 Thread 0x000001c9c730e1e0 Thread exited: 0x000001c9c730e1e0
Event: 804.702 Thread 0x000001c9c7311660 Thread exited: 0x000001c9c7311660
Event: 864.715 Thread 0x000001c9c54e6320 Thread exited: 0x000001c9c54e6320


Dynamic libraries:
0x00007ff7fd710000 - 0x00007ff7fd71e000 	c:\Users\matt1968\.vscode\extensions\redhat.java-1.56.0-win32-x64\jre\21.0.12.1-win32-x86_64\bin\java.exe
0x00007ffba5b60000 - 0x00007ffba5dc7000 	C:\WINDOWS\SYSTEM32\ntdll.dll
0x00007ffba58c0000 - 0x00007ffba598b000 	C:\WINDOWS\System32\KERNEL32.DLL
0x00007ffba2d90000 - 0x00007ffba3192000 	C:\WINDOWS\System32\KERNELBASE.dll
0x00007ffba35f0000 - 0x00007ffba373c000 	C:\WINDOWS\System32\ucrtbase.dll
0x00007ffb0e6b0000 - 0x00007ffb0e6c8000 	c:\Users\matt1968\.vscode\extensions\redhat.java-1.56.0-win32-x64\jre\21.0.12.1-win32-x86_64\bin\jli.dll
0x00007ffba3880000 - 0x00007ffba3a4f000 	C:\WINDOWS\System32\USER32.dll
0x00007ffba2d60000 - 0x00007ffba2d87000 	C:\WINDOWS\System32\win32u.dll
0x00007ffba5a70000 - 0x00007ffba5a9b000 	C:\WINDOWS\System32\GDI32.dll
0x00007ffba3750000 - 0x00007ffba3879000 	C:\WINDOWS\System32\gdi32full.dll
0x00007ffba31a0000 - 0x00007ffba3243000 	C:\WINDOWS\System32\msvcp_win.dll
0x00007ffb0d5b0000 - 0x00007ffb0d5ce000 	c:\Users\matt1968\.vscode\extensions\redhat.java-1.56.0-win32-x64\jre\21.0.12.1-win32-x86_64\bin\VCRUNTIME140.dll
0x00007ffb89850000 - 0x00007ffb89ae0000 	C:\WINDOWS\WinSxS\amd64_microsoft.windows.common-controls_6595b64144ccf1df_6.0.26100.9278_none_3e0d1ba8e3303201\COMCTL32.dll
0x00007ffba5180000 - 0x00007ffba5229000 	C:\WINDOWS\System32\msvcrt.dll
0x00007ffba42f0000 - 0x00007ffba4321000 	C:\WINDOWS\System32\IMM32.DLL
0x00007ffb865e0000 - 0x00007ffb865ec000 	c:\Users\matt1968\.vscode\extensions\redhat.java-1.56.0-win32-x64\jre\21.0.12.1-win32-x86_64\bin\vcruntime140_1.dll
0x00007ffb06dd0000 - 0x00007ffb06e5d000 	c:\Users\matt1968\.vscode\extensions\redhat.java-1.56.0-win32-x64\jre\21.0.12.1-win32-x86_64\bin\msvcp140.dll
0x00007ffad48e0000 - 0x00007ffad5682000 	c:\Users\matt1968\.vscode\extensions\redhat.java-1.56.0-win32-x64\jre\21.0.12.1-win32-x86_64\bin\server\jvm.dll
0x00007ffba4830000 - 0x00007ffba48ec000 	C:\WINDOWS\System32\ADVAPI32.dll
0x00007ffba3e00000 - 0x00007ffba3ea9000 	C:\WINDOWS\System32\sechost.dll
0x00007ffba5560000 - 0x00007ffba5678000 	C:\WINDOWS\System32\RPCRT4.dll
0x00007ffba5780000 - 0x00007ffba5800000 	C:\WINDOWS\System32\WS2_32.dll
0x00007ffba2be0000 - 0x00007ffba2c3e000 	C:\WINDOWS\SYSTEM32\POWRPROF.dll
0x00007ffb90a80000 - 0x00007ffb90ab6000 	C:\WINDOWS\SYSTEM32\WINMM.dll
0x00007ffb95990000 - 0x00007ffb9599b000 	C:\WINDOWS\SYSTEM32\VERSION.dll
0x00007ffba2bc0000 - 0x00007ffba2bd5000 	C:\WINDOWS\SYSTEM32\UMPDC.dll
0x00007ffba19f0000 - 0x00007ffba1a0b000 	C:\WINDOWS\SYSTEM32\kernel.appcore.dll
0x00007ffb71930000 - 0x00007ffb7193a000 	c:\Users\matt1968\.vscode\extensions\redhat.java-1.56.0-win32-x64\jre\21.0.12.1-win32-x86_64\bin\jimage.dll
0x00007ffb89f80000 - 0x00007ffb8a1cc000 	C:\WINDOWS\SYSTEM32\DBGHELP.DLL
0x00007ffba3a70000 - 0x00007ffba3df5000 	C:\WINDOWS\System32\combase.dll
0x00007ffba50a0000 - 0x00007ffba5179000 	C:\WINDOWS\System32\OLEAUT32.dll
0x00007ffb875a0000 - 0x00007ffb875db000 	C:\WINDOWS\SYSTEM32\dbgcore.DLL
0x00007ffba3530000 - 0x00007ffba35dc000 	C:\WINDOWS\System32\bcryptPrimitives.dll
0x00007ffb631b0000 - 0x00007ffb631bf000 	c:\Users\matt1968\.vscode\extensions\redhat.java-1.56.0-win32-x64\jre\21.0.12.1-win32-x86_64\bin\instrument.dll
0x00007ffb0d450000 - 0x00007ffb0d470000 	c:\Users\matt1968\.vscode\extensions\redhat.java-1.56.0-win32-x64\jre\21.0.12.1-win32-x86_64\bin\java.dll
0x00007ffba4900000 - 0x00007ffba5098000 	C:\WINDOWS\System32\SHELL32.dll
0x00007ffba07a0000 - 0x00007ffba104e000 	C:\WINDOWS\SYSTEM32\windows.storage.dll
0x00007ffba5680000 - 0x00007ffba577b000 	C:\WINDOWS\System32\SHCORE.dll
0x00007ffba4330000 - 0x00007ffba4396000 	C:\WINDOWS\System32\shlwapi.dll
0x00007ffba2c80000 - 0x00007ffba2ca9000 	C:\WINDOWS\SYSTEM32\profapi.dll
0x00007ffb0aeb0000 - 0x00007ffb0aec8000 	c:\Users\matt1968\.vscode\extensions\redhat.java-1.56.0-win32-x64\jre\21.0.12.1-win32-x86_64\bin\zip.dll
0x00007ffb62df0000 - 0x00007ffb62e00000 	C:\Users\matt1968\.vscode\extensions\redhat.java-1.56.0-win32-x64\jre\21.0.12.1-win32-x86_64\bin\net.dll
0x00007ffb9adb0000 - 0x00007ffb9aeda000 	C:\WINDOWS\SYSTEM32\WINHTTP.dll
0x00007ffba1fd0000 - 0x00007ffba203c000 	C:\WINDOWS\system32\mswsock.dll
0x00007ffb0ae90000 - 0x00007ffb0aea6000 	C:\Users\matt1968\.vscode\extensions\redhat.java-1.56.0-win32-x64\jre\21.0.12.1-win32-x86_64\bin\nio.dll
0x00007ffb59a60000 - 0x00007ffb59a70000 	c:\Users\matt1968\.vscode\extensions\redhat.java-1.56.0-win32-x64\jre\21.0.12.1-win32-x86_64\bin\verify.dll
0x00007ffb83b10000 - 0x00007ffb83b55000 	C:\Users\matt1968\AppData\Roaming\Code\User\globalStorage\redhat.java\1.56.0\config_win\org.eclipse.equinox.launcher\org.eclipse.equinox.launcher.win32.win32.x86_64_1.3.100.v20260804-1928\eclipse_11924.dll
0x00007ffba52c0000 - 0x00007ffba545a000 	C:\WINDOWS\System32\ole32.dll
0x00007ffba22e0000 - 0x00007ffba22fb000 	C:\WINDOWS\SYSTEM32\CRYPTSP.dll
0x00007ffba1950000 - 0x00007ffba1989000 	C:\WINDOWS\system32\rsaenh.dll
0x00007ffba2080000 - 0x00007ffba20b4000 	C:\WINDOWS\SYSTEM32\USERENV.dll
0x00007ffba2c50000 - 0x00007ffba2c7a000 	C:\WINDOWS\SYSTEM32\bcrypt.dll
0x00007ffba2300000 - 0x00007ffba230c000 	C:\WINDOWS\SYSTEM32\CRYPTBASE.dll
0x00007ffba13a0000 - 0x00007ffba13d3000 	C:\WINDOWS\SYSTEM32\IPHLPAPI.DLL
0x00007ffba3a60000 - 0x00007ffba3a6a000 	C:\WINDOWS\System32\NSI.dll
0x00007ffb058f0000 - 0x00007ffb05939000 	C:\Users\matt1968\AppData\Local\Temp\jna-310935550\jna10662466025175678153.dll
0x00007ffba5810000 - 0x00007ffba5818000 	C:\WINDOWS\System32\PSAPI.DLL
0x00007ffb99810000 - 0x00007ffb9982d000 	C:\WINDOWS\SYSTEM32\dhcpcsvc6.DLL
0x00007ffb997e0000 - 0x00007ffb99805000 	C:\WINDOWS\SYSTEM32\dhcpcsvc.DLL
0x00007ffb434d0000 - 0x00007ffb434de000 	C:\Users\matt1968\.vscode\extensions\redhat.java-1.56.0-win32-x64\jre\21.0.12.1-win32-x86_64\bin\sunmscapi.dll
0x00007ffba3250000 - 0x00007ffba33ce000 	C:\WINDOWS\System32\CRYPT32.dll
0x00007ffba2520000 - 0x00007ffba2550000 	C:\WINDOWS\SYSTEM32\ncrypt.dll
0x00007ffba24d0000 - 0x00007ffba250f000 	C:\WINDOWS\SYSTEM32\NTASN1.dll
0x00007ffba13e0000 - 0x00007ffba1538000 	C:\WINDOWS\SYSTEM32\DNSAPI.dll
0x00007ffba1dc0000 - 0x00007ffba1dcd000 	C:\WINDOWS\SYSTEM32\DSPARSE.dll
0x00007ffb97420000 - 0x00007ffb9742b000 	C:\Windows\System32\rasadhlp.dll
0x00007ffb96750000 - 0x00007ffb967d6000 	C:\WINDOWS\System32\fwpuclnt.dll
0x00007ffb1ff30000 - 0x00007ffb1ff39000 	C:\Users\matt1968\.vscode\extensions\redhat.java-1.56.0-win32-x64\jre\21.0.12.1-win32-x86_64\bin\extnet.dll

JVMTI agents:
c:\Users\matt1968\.vscode\extensions\redhat.java-1.56.0-win32-x64\lombok\lombok-1.18.39-4050.jar path:c:\Users\matt1968\.vscode\extensions\redhat.java-1.56.0-win32-x64\jre\21.0.12.1-win32-x86_64\bin\instrument.dll, loaded, initialized, instrumentlib options:none

dbghelp: loaded successfully - version: 4.0.5 - missing functions: none
symbol engine: initialized successfully - sym options: 0x614 - pdb path: .;c:\Users\matt1968\.vscode\extensions\redhat.java-1.56.0-win32-x64\jre\21.0.12.1-win32-x86_64\bin;C:\WINDOWS\SYSTEM32;C:\WINDOWS\WinSxS\amd64_microsoft.windows.common-controls_6595b64144ccf1df_6.0.26100.9278_none_3e0d1ba8e3303201;c:\Users\matt1968\.vscode\extensions\redhat.java-1.56.0-win32-x64\jre\21.0.12.1-win32-x86_64\bin\server;C:\Users\matt1968\AppData\Roaming\Code\User\globalStorage\redhat.java\1.56.0\config_win\org.eclipse.equinox.launcher\org.eclipse.equinox.launcher.win32.win32.x86_64_1.3.100.v20260804-1928;C:\Users\matt1968\AppData\Local\Temp\jna-310935550

VM Arguments:
jvm_args: --add-modules=ALL-SYSTEM --add-opens=java.base/java.util=ALL-UNNAMED --add-opens=java.base/java.lang=ALL-UNNAMED --add-opens=java.base/sun.nio.fs=ALL-UNNAMED -Declipse.application=org.eclipse.jdt.ls.core.id1 -Dosgi.bundles.defaultStartLevel=4 -Declipse.product=org.eclipse.jdt.ls.core.product -Djava.import.generatesMetadataFilesAtProjectRoot=false -Dm2e.project.cache.size=50 -DDetectVMInstallationsJob.disabled=true -Dfile.encoding=utf8 -XX:+UseParallelGC -XX:GCTimeRatio=4 -XX:AdaptiveSizePolicyWeight=90 -Dsun.zip.disableMemoryMapping=true -Xmx2G -Xms100m -Xlog:disable -javaagent:c:\Users\matt1968\.vscode\extensions\redhat.java-1.56.0-win32-x64\lombok\lombok-1.18.39-4050.jar -XX:+HeapDumpOnOutOfMemoryError -XX:HeapDumpPath=c:\Users\matt1968\AppData\Roaming\Code\User\workspaceStorage\62c235920e77153663c516c91aaf0839\redhat.java -Daether.dependencyCollector.impl=bf 
java_command: c:\Users\matt1968\.vscode\extensions\redhat.java-1.56.0-win32-x64\server\plugins\org.eclipse.equinox.launcher_1.8.0.v20260804-1928.jar -configuration c:\Users\matt1968\AppData\Roaming\Code\User\globalStorage\redhat.java\1.56.0\config_win -data c:\Users\matt1968\AppData\Roaming\Code\User\workspaceStorage\62c235920e77153663c516c91aaf0839\redhat.java\jdt_ws --pipe=\\.\pipe\lsp-75d4be9a136869e4c9103476db334f44-sock
java_class_path (initial): c:\Users\matt1968\.vscode\extensions\redhat.java-1.56.0-win32-x64\server\plugins\org.eclipse.equinox.launcher_1.8.0.v20260804-1928.jar
Launcher Type: SUN_STANDARD

[Global flags]
    uintx AdaptiveSizePolicyWeight                 = 90                                        {product} {command line}
     intx CICompilerCount                          = 3                                         {product} {ergonomic}
    uintx GCTimeRatio                              = 4                                         {product} {command line}
     bool HeapDumpOnOutOfMemoryError               = true                                   {manageable} {command line}
    ccstr HeapDumpPath                             = c:\Users\matt1968\AppData\Roaming\Code\User\workspaceStorage\62c235920e77153663c516c91aaf0839\redhat.java         {manageable} {command line}
   size_t InitialHeapSize                          = 104857600                                 {product} {command line}
   size_t MaxHeapSize                              = 2147483648                                {product} {command line}
   size_t MaxNewSize                               = 715653120                                 {product} {ergonomic}
   size_t MinHeapDeltaBytes                        = 524288                                    {product} {ergonomic}
   size_t MinHeapSize                              = 104857600                                 {product} {command line}
   size_t NewSize                                  = 34603008                                  {product} {ergonomic}
    uintx NonNMethodCodeHeapSize                   = 5832780                                {pd product} {ergonomic}
    uintx NonProfiledCodeHeapSize                  = 122912730                              {pd product} {ergonomic}
   size_t OldSize                                  = 70254592                                  {product} {ergonomic}
    uintx ProfiledCodeHeapSize                     = 122912730                              {pd product} {ergonomic}
    uintx ReservedCodeCacheSize                    = 251658240                              {pd product} {ergonomic}
     bool SegmentedCodeCache                       = true                                      {product} {ergonomic}
   size_t SoftMaxHeapSize                          = 2147483648                             {manageable} {ergonomic}
     bool UseCompressedOops                        = true                           {product lp64_product} {ergonomic}
     bool UseLargePagesIndividualAllocation        = false                                  {pd product} {ergonomic}
     bool UseParallelGC                            = true                                      {product} {command line}

Logging:
Log output configuration:
 #0: stdout all=off uptime,level,tags foldmultilines=false
 #1: stderr all=off uptime,level,tags foldmultilines=false

Release file:
JAVA_VERSION="21.0.12.1" 
MODULES="java.base java.compiler java.datatransfer java.xml java.prefs java.desktop java.instrument java.logging java.management java.security.sasl java.naming java.rmi java.management.rmi java.net.http java.scripting java.security.jgss java.transaction.xa java.sql java.sql.rowset java.xml.crypto java.se java.smartcardio jdk.accessibility jdk.internal.jvmstat jdk.attach jdk.charsets jdk.internal.opt jdk.zipfs jdk.compiler jdk.crypto.ec jdk.crypto.cryptoki jdk.crypto.mscapi jdk.dynalink jdk.internal.ed jdk.editpad jdk.hotspot.agent jdk.httpserver jdk.internal.le jdk.internal.vm.ci jdk.internal.vm.compiler jdk.internal.vm.compiler.management jdk.jartool jdk.javadoc jdk.jcmd jdk.management jdk.management.agent jdk.jconsole jdk.jdeps jdk.jdwp.agent jdk.jdi jdk.jfr jdk.jshell jdk.jsobject jdk.jstatd jdk.localedata jdk.management.jfr jdk.naming.dns jdk.naming.rmi jdk.net jdk.nio.mapmode jdk.random jdk.sctp jdk.security.auth jdk.security.jgss jdk.unsupported jdk.unsupported.desktop jdk.xml.dom" 

Environment Variables:
JAVA_HOME=C:\Program Files\Java\jdk-12.0.1
PATH=C:\Program Files\Common Files\Oracle\Java\javapath;C:\WINDOWS\system32;C:\WINDOWS;C:\WINDOWS\System32\Wbem;C:\WINDOWS\System32\WindowsPowerShell\v1.0;C:\WINDOWS\System32\OpenSSH;%JAVA_HOME%\bin;C:\xampp\php;C:\ProgramData\ComposerSetup\bin;C:\Program Files\Git\cmd;C:\Program Files\Tailscale;C:\Program Files\PowerShell\7;C:\Program Files (x86)\AOMEI Partition Assistant;C:\Users\matt1968\scoop\shims;C:\Program Files\MySQL\MySQL Shell 8.0\bin\;C:\Users\matt1968\AppData\Local\Programs\Python\Python310\Scripts\;C:\Users\matt1968\AppData\Local\Programs\Python\Python310\;C:\Program Files\Java\jdk-12.0.1;C:\Users\matt1968\AppData\Local\Microsoft\WindowsApps;C:\Program Files\Java\jdk-12.0.1\bin;C:\Program Files\JetBrains\PyCharm Community Edition 2021.3.1\bin;;C:\Program Files\JetBrains\IntelliJ IDEA Community Edition 2024.1\bin;;C:\Users\matt1968\AppData\Local\Programs\Microsoft VS Code\bin;c:\MinGW\bin;C:\MinGW\include;C:\Program Files\JetBrains\PyCharm 2025.2.4\bin;C:\Users\matt1968\AppData\Roaming\Composer\vendor\bin;C:\Users\matt1968\AppData\Local\Programs\mongosh\;C:\Users\matt1968\AppData\Local\Python\bin;C:\Users\matt1968\AppData\Local\Programs\DockerDesktop\resources\bin
USERNAME=matt1968
OS=Windows_NT
PROCESSOR_IDENTIFIER=Intel64 Family 6 Model 158 Stepping 11, GenuineIntel
TMP=C:\Users\matt1968\AppData\Local\Temp
TEMP=C:\Users\matt1968\AppData\Local\Temp




Periodic native trim disabled

---------------  S Y S T E M  ---------------

OS:
 Windows 11 , 64 bit Build 26100 (10.0.26100.9444)
OS uptime: 0 days 15:05 hours
Hyper-V role detected

CPU: total 4 (initial active 4) (4 cores per cpu, 1 threads per core) family 6 model 158 stepping 11 microcode 0xf0, cx8, cmov, fxsr, mmx, 3dnowpref, sse, sse2, sse3, ssse3, sse4.1, sse4.2, popcnt, lzcnt, tsc, tscinvbit, avx, avx2, aes, erms, clmul, bmi1, bmi2, adx, fma, vzeroupper, clflush, clflushopt, hv, rdtscp, f16c
Processor Information for the first 4 processors :
  Max Mhz: 3600, Current Mhz: 3600, Mhz Limit: 3600

Memory: 4k page, system-wide physical 16211M (3382M free)
TotalPageFile size 18211M (AvailPageFile size 10M)
current process WorkingSet (physical memory assigned to process): 397M, peak: 403M
current process commit charge ("private bytes"): 447M, peak: 453M

vm_info: OpenJDK 64-Bit Server VM (21.0.12.1+1-LTS) for windows-amd64 JRE (21.0.12.1+1-LTS), built on 2026-08-18T00:00:00Z by "admin" with MS VC++ 17.12 (VS2022)

END.
